Archive member included to satisfy reference by file (symbol)

C:/ST/STM32CubeIDE_1.19.0/STM32CubeIDE/plugins/com.st.stm32cube.ide.mcu.externaltools.gnu-tools-for-stm32.13.3.rel1.win32_1.0.0.202411081344/tools/bin/../lib/gcc/arm-none-eabi/13.3.1/../../../../arm-none-eabi/lib/thumb/v6-m/nofp\libc_nano.a(libc_a-exit.o)
                              C:/ST/STM32CubeIDE_1.19.0/STM32CubeIDE/plugins/com.st.stm32cube.ide.mcu.externaltools.gnu-tools-for-stm32.13.3.rel1.win32_1.0.0.202411081344/tools/bin/../lib/gcc/arm-none-eabi/13.3.1/../../../../arm-none-eabi/lib/thumb/v6-m/nofp/crt0.o (exit)
C:/ST/STM32CubeIDE_1.19.0/STM32CubeIDE/plugins/com.st.stm32cube.ide.mcu.externaltools.gnu-tools-for-stm32.13.3.rel1.win32_1.0.0.202411081344/tools/bin/../lib/gcc/arm-none-eabi/13.3.1/../../../../arm-none-eabi/lib/thumb/v6-m/nofp\libc_nano.a(libc_a-findfp.o)
                              C:/ST/STM32CubeIDE_1.19.0/STM32CubeIDE/plugins/com.st.stm32cube.ide.mcu.externaltools.gnu-tools-for-stm32.13.3.rel1.win32_1.0.0.202411081344/tools/bin/../lib/gcc/arm-none-eabi/13.3.1/../../../../arm-none-eabi/lib/thumb/v6-m/nofp\libc_nano.a(libc_a-exit.o) (__stdio_exit_handler)
C:/ST/STM32CubeIDE_1.19.0/STM32CubeIDE/plugins/com.st.stm32cube.ide.mcu.externaltools.gnu-tools-for-stm32.13.3.rel1.win32_1.0.0.202411081344/tools/bin/../lib/gcc/arm-none-eabi/13.3.1/../../../../arm-none-eabi/lib/thumb/v6-m/nofp\libc_nano.a(libc_a-fwalk.o)
                              C:/ST/STM32CubeIDE_1.19.0/STM32CubeIDE/plugins/com.st.stm32cube.ide.mcu.externaltools.gnu-tools-for-stm32.13.3.rel1.win32_1.0.0.202411081344/tools/bin/../lib/gcc/arm-none-eabi/13.3.1/../../../../arm-none-eabi/lib/thumb/v6-m/nofp\libc_nano.a(libc_a-findfp.o) (_fwalk_sglue)
C:/ST/STM32CubeIDE_1.19.0/STM32CubeIDE/plugins/com.st.stm32cube.ide.mcu.externaltools.gnu-tools-for-stm32.13.3.rel1.win32_1.0.0.202411081344/tools/bin/../lib/gcc/arm-none-eabi/13.3.1/../../../../arm-none-eabi/lib/thumb/v6-m/nofp\libc_nano.a(libc_a-stdio.o)
                              C:/ST/STM32CubeIDE_1.19.0/STM32CubeIDE/plugins/com.st.stm32cube.ide.mcu.externaltools.gnu-tools-for-stm32.13.3.rel1.win32_1.0.0.202411081344/tools/bin/../lib/gcc/arm-none-eabi/13.3.1/../../../../arm-none-eabi/lib/thumb/v6-m/nofp\libc_nano.a(libc_a-findfp.o) (__sread)
C:/ST/STM32CubeIDE_1.19.0/STM32CubeIDE/plugins/com.st.stm32cube.ide.mcu.externaltools.gnu-tools-for-stm32.13.3.rel1.win32_1.0.0.202411081344/tools/bin/../lib/gcc/arm-none-eabi/13.3.1/../../../../arm-none-eabi/lib/thumb/v6-m/nofp\libc_nano.a(libc_a-memset.o)
                              C:/ST/STM32CubeIDE_1.19.0/STM32CubeIDE/plugins/com.st.stm32cube.ide.mcu.externaltools.gnu-tools-for-stm32.13.3.rel1.win32_1.0.0.202411081344/tools/bin/../lib/gcc/arm-none-eabi/13.3.1/../../../../arm-none-eabi/lib/thumb/v6-m/nofp/crt0.o (memset)
C:/ST/STM32CubeIDE_1.19.0/STM32CubeIDE/plugins/com.st.stm32cube.ide.mcu.externaltools.gnu-tools-for-stm32.13.3.rel1.win32_1.0.0.202411081344/tools/bin/../lib/gcc/arm-none-eabi/13.3.1/../../../../arm-none-eabi/lib/thumb/v6-m/nofp\libc_nano.a(libc_a-closer.o)
                              C:/ST/STM32CubeIDE_1.19.0/STM32CubeIDE/plugins/com.st.stm32cube.ide.mcu.externaltools.gnu-tools-for-stm32.13.3.rel1.win32_1.0.0.202411081344/tools/bin/../lib/gcc/arm-none-eabi/13.3.1/../../../../arm-none-eabi/lib/thumb/v6-m/nofp\libc_nano.a(libc_a-stdio.o) (_close_r)
C:/ST/STM32CubeIDE_1.19.0/STM32CubeIDE/plugins/com.st.stm32cube.ide.mcu.externaltools.gnu-tools-for-stm32.13.3.rel1.win32_1.0.0.202411081344/tools/bin/../lib/gcc/arm-none-eabi/13.3.1/../../../../arm-none-eabi/lib/thumb/v6-m/nofp\libc_nano.a(libc_a-reent.o)
                              C:/ST/STM32CubeIDE_1.19.0/STM32CubeIDE/plugins/com.st.stm32cube.ide.mcu.externaltools.gnu-tools-for-stm32.13.3.rel1.win32_1.0.0.202411081344/tools/bin/../lib/gcc/arm-none-eabi/13.3.1/../../../../arm-none-eabi/lib/thumb/v6-m/nofp\libc_nano.a(libc_a-closer.o) (errno)
C:/ST/STM32CubeIDE_1.19.0/STM32CubeIDE/plugins/com.st.stm32cube.ide.mcu.externaltools.gnu-tools-for-stm32.13.3.rel1.win32_1.0.0.202411081344/tools/bin/../lib/gcc/arm-none-eabi/13.3.1/../../../../arm-none-eabi/lib/thumb/v6-m/nofp\libc_nano.a(libc_a-impure.o)
                              C:/ST/STM32CubeIDE_1.19.0/STM32CubeIDE/plugins/com.st.stm32cube.ide.mcu.externaltools.gnu-tools-for-stm32.13.3.rel1.win32_1.0.0.202411081344/tools/bin/../lib/gcc/arm-none-eabi/13.3.1/../../../../arm-none-eabi/lib/thumb/v6-m/nofp\libc_nano.a(libc_a-reent.o) (_impure_ptr)
C:/ST/STM32CubeIDE_1.19.0/STM32CubeIDE/plugins/com.st.stm32cube.ide.mcu.externaltools.gnu-tools-for-stm32.13.3.rel1.win32_1.0.0.202411081344/tools/bin/../lib/gcc/arm-none-eabi/13.3.1/../../../../arm-none-eabi/lib/thumb/v6-m/nofp\libc_nano.a(libc_a-lseekr.o)
[...]
Memory Configuration

Name             Origin             Length             Attributes
RAM              0x20000000         0x00009000         xrw
FLASH            0x08000000         0x00020000         xr
*default*        0x00000000         0xffffffff

Linker script and memory map

LOAD C:/ST/STM32CubeIDE_1.19.0/STM32CubeIDE/plugins/com.st.stm32cube.ide.mcu.externaltools.gnu-tools-for-stm32.13.3.rel1.win32_1.0.0.202411081344/tools/bin/../lib/gcc/arm-none-eabi/13.3.1/thumb/v6-m/nofp/crti.o
LOAD C:/ST/STM32CubeIDE_1.19.0/STM32CubeIDE/plugins/com.st.stm32cube.ide.mcu.externaltools.gnu-tools-for-stm32.13.3.rel1.win32_1.0.0.202411081344/tools/bin/../lib/gcc/arm-none-eabi/13.3.1/thumb/v6-m/nofp/crtbegin.o
LOAD C:/ST/STM32CubeIDE_1.19.0/STM32CubeIDE/plugins/com.st.stm32cube.ide.mcu.externaltools.gnu-tools-for-stm32.13.3.rel1.win32_1.0.0.202411081344/tools/bin/../lib/gcc/arm-none-eabi/13.3.1/../../../../arm-none-eabi/lib/thumb/v6-m/nofp/crt0.o
LOAD ./Core/Src/GY88128_648_GREEN_SEGMENT_LCD_DRIVER.o
LOAD ./Core/Src/GY88128_80_UPS_SEGMENT_LCD_DRIVER.o
LOAD ./Core/Src/main.o
LOAD ./Core/Src/stm32g0xx_hal_msp.o
LOAD ./Core/Src/stm32g0xx_it.o
LOAD ./Core/Src/syscalls.o
LOAD ./Core/Src/sysmem.o
LOAD ./Core/Src/system_stm32g0xx.o
LOAD ./Core/Startup/startup_stm32g070cbtx.o
LOAD ./Drivers/STM32G0xx_HAL_Driver/Src/stm32g0xx_hal.o
LOAD ./Drivers/STM32G0xx_HAL_Driver/Src/stm32g0xx_hal_cortex.o
LOAD ./Drivers/STM32G0xx_HAL_Driver/Src/stm32g0xx_hal_dma.o
LOAD ./Drivers/STM32G0xx_HAL_Driver/Src/stm32g0xx_hal_dma_ex.o
LOAD ./Drivers/STM32G0xx_HAL_Driver/Src/stm32g0xx_hal_exti.o
LOAD ./Drivers/STM32G0xx_HAL_Driver/Src/stm32g0xx_hal_flash.o
LOAD ./Drivers/STM32G0xx_HAL_Driver/Src/stm32g0xx_hal_flash_ex.o
LOAD ./Drivers/STM32G0xx_HAL_Driver/Src/stm32g0xx_hal_gpio.o
LOAD ./Drivers/STM32G0xx_HAL_Driver/Src/stm32g0xx_hal_pwr.o
LOAD ./Drivers/STM32G0xx_HAL_Driver/Src/stm32g0xx_hal_pwr_ex.o
LOAD ./Drivers/STM32G0xx_HAL_Driver/Src/stm32g0xx_hal_rcc.o
LOAD ./Drivers/STM32G0xx_HAL_Driver/Src/stm32g0xx_hal_rcc_ex.o
LOAD ./Drivers/STM32G0xx_HAL_Driver/Src/stm32g0xx_ll_rcc.o
START GROUP
LOAD C:/ST/STM32CubeIDE_1.19.0/STM32CubeIDE/plugins/com.st.stm32cube.ide.mcu.externaltools.gnu-tools-for-stm32.13.3.rel1.win32_1.0.0.202411081344/tools/bin/../lib/gcc/arm-none-eabi/13.3.1/../../../../arm-none-eabi/lib/thumb/v6-m/nofp\libc_nano.a
LOAD C:/ST/STM32CubeIDE_1.19.0/STM32CubeIDE/plugins/com.st.stm32cube.ide.mcu.externaltools.gnu-tools-for-stm32.13.3.rel1.win32_1.0.0.202411081344/tools/bin/../lib/gcc/arm-none-eabi/13.3.1/../../../../arm-none-eabi/lib/thumb/v6-m/nofp\libm.a
END GROUP
START GROUP
LOAD C:/ST/STM32CubeIDE_1.19.0/STM32CubeIDE/plugins/com.st.stm32cube.ide.mcu.externaltools.gnu-tools-for-stm32.13.3.rel1.win32_1.0.0.202411081344/tools/bin/../lib/gcc/arm-none-eabi/13.3.1/thumb/v6-m/nofp\libgcc.a
LOAD C:/ST/STM32CubeIDE_1.19.0/STM32CubeIDE/plugins/com.st.stm32cube.ide.mcu.externaltools.gnu-tools-for-stm32.13.3.rel1.win32_1.0.0.202411081344/tools/bin/../lib/gcc/arm-none-eabi/13.3.1/../../../../arm-none-eabi/lib/thumb/v6-m/nofp\libc_nano.a
END GROUP
START GROUP
LOAD C:/ST/STM32CubeIDE_1.19.0/STM32CubeIDE/plugins/com.st.stm32cube.ide.mcu.externaltools.gnu-tools-for-stm32.13.3.rel1.win32_1.0.0.202411081344/tools/bin/../lib/gcc/arm-none-eabi/13.3.1/thumb/v6-m/nofp\libgcc.a
LOAD C:/ST/STM32CubeIDE_1.19.0/STM32CubeIDE/plugins/com.st.stm32cube.ide.mcu.externaltools.gnu-tools-for-stm32.13.3.rel1.win32_1.0.0.202411081344/tools/bin/../lib/gcc/arm-none-eabi/13.3.1/../../../../arm-none-eabi/lib/thumb/v6-m/nofp\libc_nano.a
LOAD C:/ST/STM32CubeIDE_1.19.0/STM32CubeIDE/plugins/com.st.stm32cube.ide.mcu.externaltools.gnu-tools-for-stm32.13.3.rel1.win32_1.0.0.202411081344/tools/bin/../lib/gcc/arm-none-eabi/13.3.1/../../../../arm-none-eabi/lib/thumb/v6-m/nofp\libnosys.a
END GROUP
START GROUP
LOAD C:/ST/STM32CubeIDE_1.19.0/STM32CubeIDE/plugins/com.st.stm32cube.ide.mcu.externaltools.gnu-tools-for-stm32.13.3.rel1.win32_1.0.0.202411081344/tools/bin/../lib/gcc/arm-none-eabi/13.3.1/thumb/v6-m/nofp\libgcc.a
LOAD C:/ST/STM32CubeIDE_1.19.0/STM32CubeIDE/plugins/com.st.stm32cube.ide.mcu.externaltools.gnu-tools-for-stm32.13.3.rel1.win32_1.0.0.202411081344/tools/bin/../lib/gcc/arm-none-eabi/13.3.1/../../../../arm-none-eabi/lib/thumb/v6-m/nofp\libc_nano.a
LOAD C:/ST/STM32CubeIDE_1.19.0/STM32CubeIDE/plugins/com.st.stm32cube.ide.mcu.externaltools.gnu-tools-for-stm32.13.3.rel1.win32_1.0.0.202411081344/tools/bin/../lib/gcc/arm-none-eabi/13.3.1/../../../../arm-none-eabi/lib/thumb/v6-m/nofp\libnosys.a
END GROUP
LOAD C:/ST/STM32CubeIDE_1.19.0/STM32CubeIDE/plugins/com.st.stm32cube.ide.mcu.externaltools.gnu-tools-for-stm32.13.3.rel1.win32_1.0.0.202411081344/tools/bin/../lib/gcc/arm-none-eabi/13.3.1/thumb/v6-m/nofp/crtend.o
LOAD C:/ST/STM32CubeIDE_1.19.0/STM32CubeIDE/plugins/com.st.stm32cube.ide.mcu.externaltools.gnu-tools-for-stm32.13.3.rel1.win32_1.0.0.202411081344/tools/bin/../lib/gcc/arm-none-eabi/13.3.1/thumb/v6-m/nofp/crtn.o
                0x20009000                        _estack = (ORIGIN (RAM) + LENGTH (RAM))
                0x00000200                        _Min_Heap_Size = 0x200
                0x00000400                        _Min_Stack_Size = 0x400

.isr_vector     0x08000000       0xb8
                0x08000000                        . = ALIGN (0x4)
 *(.isr_vector)
 .isr_vector    0x08000000       0xb8 ./Core/Startup/startup_stm32g070cbtx.o
                0x08000000                g_pfnVectors
                0x080000b8                        . = ALIGN (0x4)

.text           0x080000b8     0x3660
                0x080000b8                        . = ALIGN (0x4)
 *(.text)
 .text          0x080000b8       0x48 C:/ST/STM32CubeIDE_1.19.0/STM32CubeIDE/plugins/com.st.stm32cube.ide.mcu.externaltools.gnu-tools-for-stm32.13.3.rel1.win32_1.0.0.202411081344/tools/bin/../lib/gcc/arm-none-eabi/13.3.1/thumb/v6-m/nofp/crtbegin.o
 .text          0x08000100      0x114 C:/ST/STM32CubeIDE_1.19.0/STM32CubeIDE/plugins/com.st.stm32cube.ide.mcu.externaltools.gnu-tools-for-stm32.13.3.rel1.win32_1.0.0.202411081344/tools/bin/../lib/gcc/arm-none-eabi/13.3.1/thumb/v6-m/nofp\libgcc.a(_udivsi3.o)
                0x08000100                __aeabi_uidiv
                0x08000100                __udivsi3
                0x0800020c                __aeabi_uidivmod
 .text          0x08000214      0x1d4 C:/ST/STM32CubeIDE_1.19.0/STM32CubeIDE/plugins/com.st.stm32cube.ide.mcu.externaltools.gnu-tools-for-stm32.13.3.rel1.win32_1.0.0.202411081344/tools/bin/../lib/gcc/arm-none-eabi/13.3.1/thumb/v6-m/nofp\libgcc.a(_divsi3.o)
                0x08000214                __divsi3
                0x08000214                __aeabi_idiv
                0x080003e0                __aeabi_idivmod
 .text          0x080003e8        0x4 C:/ST/STM32CubeIDE_1.19.0/STM32CubeIDE/plugins/com.st.stm32cube.ide.mcu.externaltools.gnu-tools-for-stm32.13.3.rel1.win32_1.0.0.202411081344/tools/bin/../lib/gcc/arm-none-eabi/13.3.1/thumb/v6-m/nofp\libgcc.a(_dvmd_tls.o)
                0x080003e8                __aeabi_idiv0
                0x080003e8                __aeabi_ldiv0
 .text          0x080003ec       0x7c C:/ST/STM32CubeIDE_1.19.0/STM32CubeIDE/plugins/com.st.stm32cube.ide.mcu.externaltools.gnu-tools-for-stm32.13.3.rel1.win32_1.0.0.202411081344/tools/bin/../lib/gcc/arm-none-eabi/13.3.1/thumb/v6-m/nofp\libgcc.a(_arm_cmpdf2.o)
                0x080003ec                __aeabi_cdrcmple
                0x080003fc                __aeabi_cdcmple
                0x080003fc                __aeabi_cdcmpeq
                0x0800040c                __aeabi_dcmpeq
                0x08000418                __aeabi_dcmplt
                0x0800042c                __aeabi_dcmple
                0x08000440                __aeabi_dcmpgt
                0x08000454                __aeabi_dcmpge
 .text          0x08000468       0x74 C:/ST/STM32CubeIDE_1.19.0/STM32CubeIDE/plugins/com.st.stm32cube.ide.mcu.externaltools.gnu-tools-for-stm32.13.3.rel1.win32_1.0.0.202411081344/tools/bin/../lib/gcc/arm-none-eabi/13.3.1/thumb/v6-m/nofp\libgcc.a(_arm_cmpsf2.o)
                0x08000468                __aeabi_cfrcmple
                0x08000470                __aeabi_cfcmpeq
                0x08000470                __aeabi_cfcmple
                0x08000480                __aeabi_fcmpeq
                0x0800048c                __aeabi_fcmplt
                0x080004a0                __aeabi_fcmple
                0x080004b4                __aeabi_fcmpgt
                0x080004c8                __aeabi_fcmpge
 .text          0x080004dc      0x22c C:/ST/STM32CubeIDE_1.19.0/STM32CubeIDE/plugins/com.st.stm32cube.ide.mcu.externaltools.gnu-tools-for-stm32.13.3.rel1.win32_1.0.0.202411081344/tools/bin/../lib/gcc/arm-none-eabi/13.3.1/thumb/v6-m/nofp\libgcc.a(divsf3.o)
                0x080004dc                __aeabi_fdiv
 .text          0x08000708       0x50 C:/ST/STM32CubeIDE_1.19.0/STM32CubeIDE/plugins/com.st.stm32cube.ide.mcu.externaltools.gnu-tools-for-stm32.13.3.rel1.win32_1.0.0.202411081344/tools/bin/../lib/gcc/arm-none-eabi/13.3.1/thumb/v6-m/nofp\libgcc.a(eqsf2.o)
                0x08000708                __eqsf2
                0x08000708                __nesf2
 .text          0x08000758       0x90 C:/ST/STM32CubeIDE_1.19.0/STM32CubeIDE/plugins/com.st.stm32cube.ide.mcu.externaltools.gnu-tools-for-stm32.13.3.rel1.win32_1.0.0.202411081344/tools/bin/../lib/gcc/arm-none-eabi/13.3.1/thumb/v6-m/nofp\libgcc.a(gesf2.o)
                0x08000758                __gesf2
                0x08000758                __gtsf2
 .text          0x080007e8       0x90 C:/ST/STM32CubeIDE_1.19.0/STM32CubeIDE/plugins/com.st.stm32cube.ide.mcu.externaltools.gnu-tools-for-stm32.13.3.rel1.win32_1.0.0.202411081344/tools/bin/../lib/gcc/arm-none-eabi/13.3.1/thumb/v6-m/nofp\libgcc.a(lesf2.o)
                0x080007e8                __ltsf2
                0x080007e8                __lesf2
 .text          0x08000878      0x2b4 C:/ST/STM32CubeIDE_1.19.0/STM32CubeIDE/plugins/com.st.stm32cube.ide.mcu.externaltools.gnu-tools-for-stm32.13.3.rel1.win32_1.0.0.202411081344/tools/bin/../lib/gcc/arm-none-eabi/13.3.1/thumb/v6-m/nofp\libgcc.a(mulsf3.o)
                0x08000878                __aeabi_fmul
 .text          0x08000b2c       0x40 C:/ST/STM32CubeIDE_1.19.0/STM32CubeIDE/plugins/com.st.stm32cube.ide.mcu.externaltools.gnu-tools-for-stm32.13.3.rel1.win32_1.0.0.202411081344/tools/bin/../lib/gcc/arm-none-eabi/13.3.1/thumb/v6-m/nofp\libgcc.a(fixsfsi.o)
                0x08000b2c                __aeabi_f2iz
 .text          0x08000b6c       0x88 C:/ST/STM32CubeIDE_1.19.0/STM32CubeIDE/plugins/com.st.stm32cube.ide.mcu.externaltools.gnu-tools-for-stm32.13.3.rel1.win32_1.0.0.202411081344/tools/bin/../lib/gcc/arm-none-eabi/13.3.1/thumb/v6-m/nofp\libgcc.a(eqdf2.o)
                0x08000b6c                __nedf2
                0x08000b6c                __eqdf2
 .text          0x08000bf4       0xe0 C:/ST/STM32CubeIDE_1.19.0/STM32CubeIDE/plugins/com.st.stm32cube.ide.mcu.externaltools.gnu-tools-for-stm32.13.3.rel1.win32_1.0.0.202411081344/tools/bin/../lib/gcc/arm-none-eabi/13.3.1/thumb/v6-m/nofp\libgcc.a(gedf2.o)
                0x08000bf4                __gedf2
                0x08000bf4                __gtdf2
 .text          0x08000cd4       0xdc C:/ST/STM32CubeIDE_1.19.0/STM32CubeIDE/plugins/com.st.stm32cube.ide.mcu.externaltools.gnu-tools-for-stm32.13.3.rel1.win32_1.0.0.202411081344/tools/bin/../lib/gcc/arm-none-eabi/13.3.1/thumb/v6-m/nofp\libgcc.a(ledf2.o)
                0x08000cd4                __ledf2
                0x08000cd4                __ltdf2
 .text          0x08000db0       0x90 C:/ST/STM32CubeIDE_1.19.0/STM32CubeIDE/plugins/com.st.stm32cube.ide.mcu.externaltools.gnu-tools-for-stm32.13.3.rel1.win32_1.0.0.202411081344/tools/bin/../lib/gcc/arm-none-eabi/13.3.1/thumb/v6-m/nofp\libgcc.a(extendsfdf2.o)
                0x08000db0                __aeabi_f2d
 .text          0x08000e40       0x3c C:/ST/STM32CubeIDE_1.19.0/STM32CubeIDE/plugins/com.st.stm32cube.ide.mcu.externaltools.gnu-tools-for-stm32.13.3.rel1.win32_1.0.0.202411081344/tools/bin/../lib/gcc/arm-none-eabi/13.3.1/thumb/v6-m/nofp\libgcc.a(_clzsi2.o)
                0x08000e40                __clzsi2
 *(.text*)
 .text.ht1621_send_bit
                0x08000e7c       0x70 ./Core/Src/GY88128_648_GREEN_SEGMENT_LCD_DRIVER.o
 .text.ht1621_send_bits
                0x08000eec       0x90 ./Core/Src/GY88128_648_GREEN_SEGMENT_LCD_DRIVER.o
 .text.ht1621_send_command
                0x08000f7c       0x78 ./Core/Src/GY88128_648_GREEN_SEGMENT_LCD_DRIVER.o
 .text.ht1621_gpio_init
                0x08000ff4       0x90 ./Core/Src/GY88128_648_GREEN_SEGMENT_LCD_DRIVER.o
 .text.GY88128_648_Init
                0x08001084       0x30 ./Core/Src/GY88128_648_GREEN_SEGMENT_LCD_DRIVER.o
                0x08001084                GY88128_648_Init
 .text.GY88128_648_Clear
                0x080010b4       0x30 ./Core/Src/GY88128_648_GREEN_SEGMENT_LCD_DRIVER.o
                0x080010b4                GY88128_648_Clear
 .text.GY88128_648_Refresh
                0x080010e4       0xa8 ./Core/Src/GY88128_648_GREEN_SEGMENT_LCD_DRIVER.o
                0x080010e4                GY88128_648_Refresh
 .text.set_ram_bit
                0x0800118c       0xcc ./Core/Src/GY88128_648_GREEN_SEGMENT_LCD_DRIVER.o
 .text.GY88128_648_SetDigitSegment
                0x08001258       0x98 ./Core/Src/GY88128_648_GREEN_SEGMENT_LCD_DRIVER.o
                0x08001258                GY88128_648_SetDigitSegment
 .text.GY88128_648_SetIcon
                0x080012f0       0x76 ./Core/Src/GY88128_648_GREEN_SEGMENT_LCD_DRIVER.o
                0x080012f0                GY88128_648_SetIcon
 *fill*         0x08001366        0x2 
 .text.display_digit
                0x08001368       0x70 ./Core/Src/GY88128_648_GREEN_SEGMENT_LCD_DRIVER.o
 .text.GY88128_648_PrintLeft
                0x080013d8       0x84 ./Core/Src/GY88128_648_GREEN_SEGMENT_LCD_DRIVER.o
                0x080013d8                GY88128_648_PrintLeft
 .text.GY88128_648_PrintCenter
                0x0800145c      0x2e0 ./Core/Src/GY88128_648_GREEN_SEGMENT_LCD_DRIVER.o
                0x0800145c                GY88128_648_PrintCenter
 .text.GY88128_648_PrintRight
                0x0800173c       0x84 ./Core/Src/GY88128_648_GREEN_SEGMENT_LCD_DRIVER.o
                0x0800173c                GY88128_648_PrintRight
 .text.GY88128_648_TurnOnAllSegments
                0x080017c0       0x34 ./Core/Src/GY88128_648_GREEN_SEGMENT_LCD_DRIVER.o
                0x080017c0                GY88128_648_TurnOnAllSegments
 .text.GY88128_648_CumulativeSnakeScan
                0x080017f4       0x88 ./Core/Src/GY88128_648_GREEN_SEGMENT_LCD_DRIVER.o
                0x080017f4                GY88128_648_CumulativeSnakeScan
 .text.get_blink_state
                0x0800187c       0x28 ./Core/Src/GY88128_648_GREEN_SEGMENT_LCD_DRIVER.o
 .text.Update_Battery_Visuals
                0x080018a4      0x1c8 ./Core/Src/GY88128_648_GREEN_SEGMENT_LCD_DRIVER.o
 .text.Update_Load_Visuals
                0x08001a6c       0x9c ./Core/Src/GY88128_648_GREEN_SEGMENT_LCD_DRIVER.o
 .text.Screen_Hybrid_Mode
                0x08001b08      0x614 ./Core/Src/GY88128_648_GREEN_SEGMENT_LCD_DRIVER.o
                0x08001b08                Screen_Hybrid_Mode
 .text.GY88128_648_FullTestSequence
                0x0800211c       0xaa ./Core/Src/GY88128_648_GREEN_SEGMENT_LCD_DRIVER.o
                0x0800211c                GY88128_648_FullTestSequence
 *fill*         0x080021c6        0x2 
 .text.main     0x080021c8      0x2a4 ./Core/Src/main.o
                0x080021c8                main
 .text.SystemClock_Config
                0x0800246c       0x90 ./Core/Src/main.o
                0x0800246c                SystemClock_Config
 .text.MX_GPIO_Init
                0x080024fc       0xe4 ./Core/Src/main.o
 .text.Error_Handler
                0x080025e0        0xc ./Core/Src/main.o
                0x080025e0                Error_Handler
 .text.HAL_MspInit
                0x080025ec       0x48 ./Core/Src/stm32g0xx_hal_msp.o
                0x080025ec                HAL_MspInit
 .text.NMI_Handler
                0x08002634        0x8 ./Core/Src/stm32g0xx_it.o
                0x08002634                NMI_Handler
 .text.HardFault_Handler
                0x0800263c        0x8 ./Core/Src/stm32g0xx_it.o
                0x0800263c                HardFault_Handler
 .text.SVC_Handler
                0x08002644        0xa ./Core/Src/stm32g0xx_it.o
                0x08002644                SVC_Handler
 .text.PendSV_Handler
                0x0800264e        0xa ./Core/Src/stm32g0xx_it.o
                0x0800264e                PendSV_Handler
 .text.SysTick_Handler
                0x08002658        0xe ./Core/Src/stm32g0xx_it.o
                0x08002658                SysTick_Handler
 .text.SystemInit
                0x08002666        0xa ./Core/Src/system_stm32g0xx.o
                0x08002666                SystemInit
 .text.Reset_Handler
                0x08002670       0x50 ./Core/Startup/startup_stm32g070cbtx.o
                0x08002670                Reset_Handler
 .text.Default_Handler
                0x080026c0        0x2 ./Core/Startup/startup_stm32g070cbtx.o
                0x080026c0                TIM1_CC_IRQHandler
                0x080026c0                TIM6_IRQHandler
                0x080026c0                I2C1_IRQHandler
                0x080026c0                RTC_TAMP_IRQHandler
                0x080026c0                SPI1_IRQHandler
                0x080026c0                USART3_4_IRQHandler
                0x080026c0                EXTI2_3_IRQHandler
                0x080026c0                ADC1_IRQHandler
                0x080026c0                I2C2_IRQHandler
                0x080026c0                TIM17_IRQHandler
                0x080026c0                TIM16_IRQHandler
                0x080026c0                TIM3_IRQHandler
                0x080026c0                EXTI4_15_IRQHandler
                0x080026c0                RCC_IRQHandler
                0x080026c0                DMA1_Channel1_IRQHandler
                0x080026c0                Default_Handler
                0x080026c0                TIM14_IRQHandler
                0x080026c0                TIM7_IRQHandler
                0x080026c0                TIM15_IRQHandler
                0x080026c0                EXTI0_1_IRQHandler
                0x080026c0                SPI2_IRQHandler
                0x080026c0                WWDG_IRQHandler
                0x080026c0                DMA1_Ch4_7_DMAMUX1_OVR_IRQHandler
                0x080026c0                DMA1_Channel2_3_IRQHandler
                0x080026c0                USART2_IRQHandler
                0x080026c0                FLASH_IRQHandler
                0x080026c0                USART1_IRQHandler
                0x080026c0                TIM1_BRK_UP_TRG_COM_IRQHandler
 *fill*         0x080026c2        0x2 
 .text.HAL_Init
                0x080026c4       0x40 ./Drivers/STM32G0xx_HAL_Driver/Src/stm32g0xx_hal.o
                0x080026c4                HAL_Init
 .text.HAL_InitTick
                0x08002704       0x94 ./Drivers/STM32G0xx_HAL_Driver/Src/stm32g0xx_hal.o
                0x08002704                HAL_InitTick
 .text.HAL_IncTick
                0x08002798       0x24 ./Drivers/STM32G0xx_HAL_Driver/Src/stm32g0xx_hal.o
                0x08002798                HAL_IncTick
 .text.HAL_GetTick
                0x080027bc       0x14 ./Drivers/STM32G0xx_HAL_Driver/Src/stm32g0xx_hal.o
                0x080027bc                HAL_GetTick
 .text.HAL_Delay
                0x080027d0       0x48 ./Drivers/STM32G0xx_HAL_Driver/Src/stm32g0xx_hal.o
                0x080027d0                HAL_Delay
 .text.__NVIC_SetPriority
                0x08002818       0xdc ./Drivers/STM32G0xx_HAL_Driver/Src/stm32g0xx_hal_cortex.o
 .text.SysTick_Config
                0x080028f4       0x48 ./Drivers/STM32G0xx_HAL_Driver/Src/stm32g0xx_hal_cortex.o
 .text.HAL_NVIC_SetPriority
                0x0800293c       0x2a ./Drivers/STM32G0xx_HAL_Driver/Src/stm32g0xx_hal_cortex.o
                0x0800293c                HAL_NVIC_SetPriority
 .text.HAL_SYSTICK_Config
                0x08002966       0x1a ./Drivers/STM32G0xx_HAL_Driver/Src/stm32g0xx_hal_cortex.o
                0x08002966                HAL_SYSTICK_Config
 .text.HAL_GPIO_Init
                0x08002980      0x2c8 ./Drivers/STM32G0xx_HAL_Driver/Src/stm32g0xx_hal_gpio.o
                0x08002980                HAL_GPIO_Init
 .text.HAL_GPIO_ReadPin
                0x08002c48       0x3a ./Drivers/STM32G0xx_HAL_Driver/Src/stm32g0xx_hal_gpio.o
                0x08002c48                HAL_GPIO_ReadPin
 .text.HAL_GPIO_WritePin
                0x08002c82       0x3a ./Drivers/STM32G0xx_HAL_Driver/Src/stm32g0xx_hal_gpio.o
                0x08002c82                HAL_GPIO_WritePin
 .text.HAL_GPIO_TogglePin
                0x08002cbc       0x36 ./Drivers/STM32G0xx_HAL_Driver/Src/stm32g0xx_hal_gpio.o
                0x08002cbc                HAL_GPIO_TogglePin
 *fill*         0x08002cf2        0x2 
 .text.HAL_PWREx_ControlVoltageScaling
                0x08002cf4       0x80 ./Drivers/STM32G0xx_HAL_Driver/Src/stm32g0xx_hal_pwr_ex.o
                0x08002cf4                HAL_PWREx_ControlVoltageScaling
 .text.HAL_RCC_OscConfig
                0x08002d74      0x620 ./Drivers/STM32G0xx_HAL_Driver/Src/stm32g0xx_hal_rcc.o
                0x08002d74                HAL_RCC_OscConfig
 .text.HAL_RCC_ClockConfig
                0x08003394      0x210 ./Drivers/STM32G0xx_HAL_Driver/Src/stm32g0xx_hal_rcc.o
                0x08003394                HAL_RCC_ClockConfig
 .text.HAL_RCC_GetSysClockFreq
                0x080035a4      0x104 ./Drivers/STM32G0xx_HAL_Driver/Src/stm32g0xx_hal_rcc.o
                0x080035a4                HAL_RCC_GetSysClockFreq
 .text.memset   0x080036a8       0x10 C:/ST/STM32CubeIDE_1.19.0/STM32CubeIDE/plugins/com.st.stm32cube.ide.mcu.externaltools.gnu-tools-for-stm32.13.3.rel1.win32_1.0.0.202411081344/tools/bin/../lib/gcc/arm-none-eabi/13.3.1/../../../../arm-none-eabi/lib/thumb/v6-m/nofp\libc_nano.a(libc_a-memset.o)
                0x080036a8                memset
 .text.__libc_init_array
                0x080036b8       0x48 C:/ST/STM32CubeIDE_1.19.0/STM32CubeIDE/plugins/com.st.stm32cube.ide.mcu.externaltools.gnu-tools-for-stm32.13.3.rel1.win32_1.0.0.202411081344/tools/bin/../lib/gcc/arm-none-eabi/13.3.1/../../../../arm-none-eabi/lib/thumb/v6-m/nofp\libc_nano.a(libc_a-init.o)
                0x080036b8                __libc_init_array
 *(.glue_7)
 .glue_7        0x08003700        0x0 linker stubs
 *(.glue_7t)
 .glue_7t       0x08003700        0x0 linker stubs
 *(.eh_frame)
 .eh_frame      0x08003700        0x0 C:/ST/STM32CubeIDE_1.19.0/STM32CubeIDE/plugins/com.st.stm32cube.ide.mcu.externaltools.gnu-tools-for-stm32.13.3.rel1.win32_1.0.0.202411081344/tools/bin/../lib/gcc/arm-none-eabi/13.3.1/thumb/v6-m/nofp/crtbegin.o
 *(.init)
 .init          0x08003700        0x4 C:/ST/STM32CubeIDE_1.19.0/STM32CubeIDE/plugins/com.st.stm32cube.ide.mcu.externaltools.gnu-tools-for-stm32.13.3.rel1.win32_1.0.0.202411081344/tools/bin/../lib/gcc/arm-none-eabi/13.3.1/thumb/v6-m/nofp/crti.o
                0x08003700                _init
 .init          0x08003704        0x8 C:/ST/STM32CubeIDE_1.19.0/STM32CubeIDE/plugins/com.st.stm32cube.ide.mcu.externaltools.gnu-tools-for-stm32.13.3.rel1.win32_1.0.0.202411081344/tools/bin/../lib/gcc/arm-none-eabi/13.3.1/thumb/v6-m/nofp/crtn.o
 *(.fini)
 .fini          0x0800370c        0x4 C:/ST/STM32CubeIDE_1.19.0/STM32CubeIDE/plugins/com.st.stm32cube.ide.mcu.externaltools.gnu-tools-for-stm32.13.3.rel1.win32_1.0.0.202411081344/tools/bin/../lib/gcc/arm-none-eabi/13.3.1/thumb/v6-m/nofp/crti.o
                0x0800370c                _fini
 .fini          0x08003710        0x8 C:/ST/STM32CubeIDE_1.19.0/STM32CubeIDE/plugins/com.st.stm32cube.ide.mcu.externaltools.gnu-tools-for-stm32.13.3.rel1.win32_1.0.0.202411081344/tools/bin/../lib/gcc/arm-none-eabi/13.3.1/thumb/v6-m/nofp/crtn.o
                0x08003718                        . = ALIGN (0x4)
                0x08003718                        _etext = .

.vfp11_veneer   0x08003718        0x0
 .vfp11_veneer  0x08003718        0x0 linker stubs

.v4_bx          0x08003718        0x0
 .v4_bx         0x08003718        0x0 linker stubs

.iplt           0x08003718        0x0
 .iplt          0x08003718        0x0 C:/ST/STM32CubeIDE_1.19.0/STM32CubeIDE/plugins/com.st.stm32cube.ide.mcu.externaltools.gnu-tools-for-stm32.13.3.rel1.win32_1.0.0.202411081344/tools/bin/../lib/gcc/arm-none-eabi/13.3.1/thumb/v6-m/nofp/crtbegin.o

.rodata         0x08003718      0x174
                0x08003718                        . = ALIGN (0x4)
 *(.rodata)
 .rodata        0x08003718       0x7c C:/ST/STM32CubeIDE_1.19.0/STM32CubeIDE/plugins/com.st.stm32cube.ide.mcu.externaltools.gnu-tools-for-stm32.13.3.rel1.win32_1.0.0.202411081344/tools/bin/../lib/gcc/arm-none-eabi/13.3.1/thumb/v6-m/nofp\libgcc.a(divsf3.o)
 *(.rodata*)
 .rodata.digit_map
                0x08003794       0x70 ./Core/Src/GY88128_648_GREEN_SEGMENT_LCD_DRIVER.o
 .rodata.digit_patterns
                0x08003804       0x46 ./Core/Src/GY88128_648_GREEN_SEGMENT_LCD_DRIVER.o
 *fill*         0x0800384a        0x2 
 .rodata.AHBPrescTable
                0x0800384c       0x40 ./Core/Src/system_stm32g0xx.o
                0x0800384c                AHBPrescTable
                0x0800388c                        . = ALIGN (0x4)

.ARM.extab      0x0800388c        0x0
                0x0800388c                        . = ALIGN (0x4)
 *(.ARM.extab* .gnu.linkonce.armextab.*)
                0x0800388c                        . = ALIGN (0x4)

.ARM            0x0800388c        0x0
                0x0800388c                        . = ALIGN (0x4)
                0x0800388c                        __exidx_start = .
 *(.ARM.exidx*)
                0x0800388c                        __exidx_end = .
                0x0800388c                        . = ALIGN (0x4)

.preinit_array  0x0800388c        0x0
                0x0800388c                        . = ALIGN (0x4)
                0x0800388c                        PROVIDE (__preinit_array_start = .)
 *(.preinit_array*)
                0x0800388c                        PROVIDE (__preinit_array_end = .)
                0x0800388c                        . = ALIGN (0x4)

.init_array     0x0800388c        0x4
                0x0800388c                        . = ALIGN (0x4)
                0x0800388c                        PROVIDE (__init_array_start = .)
 *(SORT_BY_NAME(.init_array.*))
 *(.init_array*)
 .init_array    0x0800388c        0x4 C:/ST/STM32CubeIDE_1.19.0/STM32CubeIDE/plugins/com.st.stm32cube.ide.mcu.externaltools.gnu-tools-for-stm32.13.3.rel1.win32_1.0.0.202411081344/tools/bin/../lib/gcc/arm-none-eabi/13.3.1/thumb/v6-m/nofp/crtbegin.o
                0x08003890                        PROVIDE (__init_array_end = .)
                0x08003890                        . = ALIGN (0x4)

.fini_array     0x08003890        0x4
                0x08003890                        . = ALIGN (0x4)
                [!provide]                        PROVIDE (__fini_array_start = .)
 *(SORT_BY_NAME(.fini_array.*))
 *(.fini_array*)
 .fini_array    0x08003890        0x4 C:/ST/STM32CubeIDE_1.19.0/STM32CubeIDE/plugins/com.st.stm32cube.ide.mcu.externaltools.gnu-tools-for-stm32.13.3.rel1.win32_1.0.0.202411081344/tools/bin/../lib/gcc/arm-none-eabi/13.3.1/thumb/v6-m/nofp/crtbegin.o
                [!provide]                        PROVIDE (__fini_array_end = .)
                0x08003894                        . = ALIGN (0x4)
                0x08003894                        _sidata = LOADADDR (.data)

.rel.dyn        0x08003894        0x0
 .rel.iplt      0x08003894        0x0 C:/ST/STM32CubeIDE_1.19.0/STM32CubeIDE/plugins/com.st.stm32cube.ide.mcu.externaltools.gnu-tools-for-stm32.13.3.rel1.win32_1.0.0.202411081344/tools/bin/../lib/gcc/arm-none-eabi/13.3.1/thumb/v6-m/nofp/crtbegin.o

.data           0x20000000        0xc load address 0x08003894
                0x20000000                        . = ALIGN (0x4)
                0x20000000                        _sdata = .
 *(.data)
 *(.data*)
 .data.SystemCoreClock
                0x20000000        0x4 ./Core/Src/system_stm32g0xx.o
                0x20000000                SystemCoreClock
 .data.uwTickPrio
                0x20000004        0x4 ./Drivers/STM32G0xx_HAL_Driver/Src/stm32g0xx_hal.o
                0x20000004                uwTickPrio
 .data.uwTickFreq
                0x20000008        0x1 ./Drivers/STM32G0xx_HAL_Driver/Src/stm32g0xx_hal.o
                0x20000008                uwTickFreq
 *(.RamFunc)
 *(.RamFunc*)
                0x2000000c                        . = ALIGN (0x4)
 *fill*         0x20000009        0x3 
                0x2000000c                        _edata = .

.igot.plt       0x2000000c        0x0 load address 0x080038a0
 .igot.plt      0x2000000c        0x0 C:/ST/STM32CubeIDE_1.19.0/STM32CubeIDE/plugins/com.st.stm32cube.ide.mcu.externaltools.gnu-tools-for-stm32.13.3.rel1.win32_1.0.0.202411081344/tools/bin/../lib/gcc/arm-none-eabi/13.3.1/thumb/v6-m/nofp/crtbegin.o
                0x2000000c                        . = ALIGN (0x4)

.bss            0x2000000c       0x30 load address 0x080038a0
                0x2000000c                        _sbss = .
                0x2000000c                        __bss_start__ = _sbss
 *(.bss)
 .bss           0x2000000c       0x1c C:/ST/STM32CubeIDE_1.19.0/STM32CubeIDE/plugins/com.st.stm32cube.ide.mcu.externaltools.gnu-tools-for-stm32.13.3.rel1.win32_1.0.0.202411081344/tools/bin/../lib/gcc/arm-none-eabi/13.3.1/thumb/v6-m/nofp/crtbegin.o
 *(.bss*)
 .bss.ht1621_ram
                0x20000028       0x10 ./Core/Src/GY88128_648_GREEN_SEGMENT_LCD_DRIVER.o
 .bss.uwTick    0x20000038        0x4 ./Drivers/STM32G0xx_HAL_Driver/Src/stm32g0xx_hal.o
                0x20000038                uwTick
 *(COMMON)
                0x2000003c                        . = ALIGN (0x4)
                0x2000003c                        _ebss = .
                0x2000003c                        __bss_end__ = _ebss

._user_heap_stack
                0x2000003c      0x604 load address 0x080038a0
                0x20000040                        . = ALIGN (0x8)
 *fill*         0x2000003c        0x4 
                [!provide]                        PROVIDE (end = .)
                0x20000040                        PROVIDE (_end = .)
                0x20000240                        . = (. + _Min_Heap_Size)
 *fill*         0x20000040      0x200 
                0x20000640                        . = (. + _Min_Stack_Size)
 *fill*         0x20000240      0x400 
                0x20000640                        . = ALIGN (0x8)

/DISCARD/
 libc.a(*)
 libm.a(*)
 libgcc.a(*)

.ARM.attributes
                0x00000000       0x28
 *(.ARM.attributes)
 .ARM.attributes
                0x00000000       0x1e C:/ST/STM32CubeIDE_1.19.0/STM32CubeIDE/plugins/com.st.stm32cube.ide.mcu.externaltools.gnu-tools-for-stm32.13.3.rel1.win32_1.0.0.202411081344/tools/bin/../lib/gcc/arm-none-eabi/13.3.1/thumb/v6-m/nofp/crti.o
 .ARM.attributes
                0x0000001e       0x2c C:/ST/STM32CubeIDE_1.19.0/STM32CubeIDE/plugins/com.st.stm32cube.ide.mcu.externaltools.gnu-tools-for-stm32.13.3.rel1.win32_1.0.0.202411081344/tools/bin/../lib/gcc/arm-none-eabi/13.3.1/thumb/v6-m/nofp/crtbegin.o
 .ARM.attributes
                0x0000004a       0x2c ./Core/Src/GY88128_648_GREEN_SEGMENT_LCD_DRIVER.o
 .ARM.attributes
                0x00000076       0x2c ./Core/Src/main.o
 .ARM.attributes
                0x000000a2       0x2c ./Core/Src/stm32g0xx_hal_msp.o
 .ARM.attributes
                0x000000ce       0x2c ./Core/Src/stm32g0xx_it.o
 .ARM.attributes
                0x000000fa       0x2c ./Core/Src/system_stm32g0xx.o
 .ARM.attributes
                0x00000126       0x22 ./Core/Startup/startup_stm32g070cbtx.o
 .ARM.attributes
                0x00000148       0x2c ./Drivers/STM32G0xx_HAL_Driver/Src/stm32g0xx_hal.o
 .ARM.attributes
                0x00000174       0x2c ./Drivers/STM32G0xx_HAL_Driver/Src/stm32g0xx_hal_cortex.o
 .ARM.attributes
                0x000001a0       0x2c ./Drivers/STM32G0xx_HAL_Driver/Src/stm32g0xx_hal_gpio.o
 .ARM.attributes
                0x000001cc       0x2c ./Drivers/STM32G0xx_HAL_Driver/Src/stm32g0xx_hal_pwr_ex.o
 .ARM.attributes
                0x000001f8       0x2c ./Drivers/STM32G0xx_HAL_Driver/Src/stm32g0xx_hal_rcc.o
 .ARM.attributes
                0x00000224       0x2c C:/ST/STM32CubeIDE_1.19.0/STM32CubeIDE/plugins/com.st.stm32cube.ide.mcu.externaltools.gnu-tools-for-stm32.13.3.rel1.win32_1.0.0.202411081344/tools/bin/../lib/gcc/arm-none-eabi/13.3.1/../../../../arm-none-eabi/lib/thumb/v6-m/nofp\libc_nano.a(libc_a-memset.o)
 .ARM.attributes
                0x00000250       0x2c C:/ST/STM32CubeIDE_1.19.0/STM32CubeIDE/plugins/com.st.stm32cube.ide.mcu.externaltools.gnu-tools-for-stm32.13.3.rel1.win32_1.0.0.202411081344/tools/bin/../lib/gcc/arm-none-eabi/13.3.1/../../../../arm-none-eabi/lib/thumb/v6-m/nofp\libc_nano.a(libc_a-init.o)
 .ARM.attributes
                0x0000027c       0x1e C:/ST/STM32CubeIDE_1.19.0/STM32CubeIDE/plugins/com.st.stm32cube.ide.mcu.externaltools.gnu-tools-for-stm32.13.3.rel1.win32_1.0.0.202411081344/tools/bin/../lib/gcc/arm-none-eabi/13.3.1/thumb/v6-m/nofp\libgcc.a(_udivsi3.o)
 .ARM.attributes
                0x0000029a       0x1e C:/ST/STM32CubeIDE_1.19.0/STM32CubeIDE/plugins/com.st.stm32cube.ide.mcu.externaltools.gnu-tools-for-stm32.13.3.rel1.win32_1.0.0.202411081344/tools/bin/../lib/gcc/arm-none-eabi/13.3.1/thumb/v6-m/nofp\libgcc.a(_divsi3.o)
 .ARM.attributes
                0x000002b8       0x1e C:/ST/STM32CubeIDE_1.19.0/STM32CubeIDE/plugins/com.st.stm32cube.ide.mcu.externaltools.gnu-tools-for-stm32.13.3.rel1.win32_1.0.0.202411081344/tools/bin/../lib/gcc/arm-none-eabi/13.3.1/thumb/v6-m/nofp\libgcc.a(_dvmd_tls.o)
 .ARM.attributes
                0x000002d6       0x1e C:/ST/STM32CubeIDE_1.19.0/STM32CubeIDE/plugins/com.st.stm32cube.ide.mcu.externaltools.gnu-tools-for-stm32.13.3.rel1.win32_1.0.0.202411081344/tools/bin/../lib/gcc/arm-none-eabi/13.3.1/thumb/v6-m/nofp\libgcc.a(_arm_cmpdf2.o)
 .ARM.attributes
                0x000002f4       0x1e C:/ST/STM32CubeIDE_1.19.0/STM32CubeIDE/plugins/com.st.stm32cube.ide.mcu.externaltools.gnu-tools-for-stm32.13.3.rel1.win32_1.0.0.202411081344/tools/bin/../lib/gcc/arm-none-eabi/13.3.1/thumb/v6-m/nofp\libgcc.a(_arm_cmpsf2.o)
 .ARM.attributes
                0x00000312       0x2c C:/ST/STM32CubeIDE_1.19.0/STM32CubeIDE/plugins/com.st.stm32cube.ide.mcu.externaltools.gnu-tools-for-stm32.13.3.rel1.win32_1.0.0.202411081344/tools/bin/../lib/gcc/arm-none-eabi/13.3.1/thumb/v6-m/nofp\libgcc.a(divsf3.o)
 .ARM.attributes
                0x0000033e       0x2c C:/ST/STM32CubeIDE_1.19.0/STM32CubeIDE/plugins/com.st.stm32cube.ide.mcu.externaltools.gnu-tools-for-stm32.13.3.rel1.win32_1.0.0.202411081344/tools/bin/../lib/gcc/arm-none-eabi/13.3.1/thumb/v6-m/nofp\libgcc.a(eqsf2.o)
 .ARM.attributes
                0x0000036a       0x2c C:/ST/STM32CubeIDE_1.19.0/STM32CubeIDE/plugins/com.st.stm32cube.ide.mcu.externaltools.gnu-tools-for-stm32.13.3.rel1.win32_1.0.0.202411081344/tools/bin/../lib/gcc/arm-none-eabi/13.3.1/thumb/v6-m/nofp\libgcc.a(gesf2.o)
 .ARM.attributes
                0x00000396       0x2c C:/ST/STM32CubeIDE_1.19.0/STM32CubeIDE/plugins/com.st.stm32cube.ide.mcu.externaltools.gnu-tools-for-stm32.13.3.rel1.win32_1.0.0.202411081344/tools/bin/../lib/gcc/arm-none-eabi/13.3.1/thumb/v6-m/nofp\libgcc.a(lesf2.o)
 .ARM.attributes
                0x000003c2       0x2c C:/ST/STM32CubeIDE_1.19.0/STM32CubeIDE/plugins/com.st.stm32cube.ide.mcu.externaltools.gnu-tools-for-stm32.13.3.rel1.win32_1.0.0.202411081344/tools/bin/../lib/gcc/arm-none-eabi/13.3.1/thumb/v6-m/nofp\libgcc.a(mulsf3.o)
 .ARM.attributes
                0x000003ee       0x2c C:/ST/STM32CubeIDE_1.19.0/STM32CubeIDE/plugins/com.st.stm32cube.ide.mcu.externaltools.gnu-tools-for-stm32.13.3.rel1.win32_1.0.0.202411081344/tools/bin/../lib/gcc/arm-none-eabi/13.3.1/thumb/v6-m/nofp\libgcc.a(fixsfsi.o)
 .ARM.attributes
                0x0000041a       0x2c C:/ST/STM32CubeIDE_1.19.0/STM32CubeIDE/plugins/com.st.stm32cube.ide.mcu.externaltools.gnu-tools-for-stm32.13.3.rel1.win32_1.0.0.202411081344/tools/bin/../lib/gcc/arm-none-eabi/13.3.1/thumb/v6-m/nofp\libgcc.a(eqdf2.o)
 .ARM.attributes
                0x00000446       0x2c C:/ST/STM32CubeIDE_1.19.0/STM32CubeIDE/plugins/com.st.stm32cube.ide.mcu.externaltools.gnu-tools-for-stm32.13.3.rel1.win32_1.0.0.202411081344/tools/bin/../lib/gcc/arm-none-eabi/13.3.1/thumb/v6-m/nofp\libgcc.a(gedf2.o)
 .ARM.attributes
                0x00000472       0x2c C:/ST/STM32CubeIDE_1.19.0/STM32CubeIDE/plugins/com.st.stm32cube.ide.mcu.externaltools.gnu-tools-for-stm32.13.3.rel1.win32_1.0.0.202411081344/tools/bin/../lib/gcc/arm-none-eabi/13.3.1/thumb/v6-m/nofp\libgcc.a(ledf2.o)
 .ARM.attributes
                0x0000049e       0x2c C:/ST/STM32CubeIDE_1.19.0/STM32CubeIDE/plugins/com.st.stm32cube.ide.mcu.externaltools.gnu-tools-for-stm32.13.3.rel1.win32_1.0.0.202411081344/tools/bin/../lib/gcc/arm-none-eabi/13.3.1/thumb/v6-m/nofp\libgcc.a(extendsfdf2.o)
 .ARM.attributes
                0x000004ca       0x1e C:/ST/STM32CubeIDE_1.19.0/STM32CubeIDE/plugins/com.st.stm32cube.ide.mcu.externaltools.gnu-tools-for-stm32.13.3.rel1.win32_1.0.0.202411081344/tools/bin/../lib/gcc/arm-none-eabi/13.3.1/thumb/v6-m/nofp\libgcc.a(_clzsi2.o)
 .ARM.attributes
                0x000004e8       0x1e C:/ST/STM32CubeIDE_1.19.0/STM32CubeIDE/plugins/com.st.stm32cube.ide.mcu.externaltools.gnu-tools-for-stm32.13.3.rel1.win32_1.0.0.202411081344/tools/bin/../lib/gcc/arm-none-eabi/13.3.1/thumb/v6-m/nofp/crtn.o
OUTPUT(STM32G070CBT6_CUSTOM_DISPLAY.elf elf32-littlearm)
LOAD linker stubs
LOAD C:/ST/STM32CubeIDE_1.19.0/STM32CubeIDE/plugins/com.st.stm32cube.ide.mcu.externaltools.gnu-tools-for-stm32.13.3.rel1.win32_1.0.0.202411081344/tools/bin/../lib/gcc/arm-none-eabi/13.3.1/../../../../arm-none-eabi/lib/thumb/v6-m/nofp\libc.a
LOAD C:/ST/STM32CubeIDE_1.19.0/STM32CubeIDE/plugins/com.st.stm32cube.ide.mcu.externaltools.gnu-tools-for-stm32.13.3.rel1.win32_1.0.0.202411081344/tools/bin/../lib/gcc/arm-none-eabi/13.3.1/../../../../arm-none-eabi/lib/thumb/v6-m/nofp\libm.a
LOAD C:/ST/STM32CubeIDE_1.19.0/STM32CubeIDE/plugins/com.st.stm32cube.ide.mcu.externaltools.gnu-tools-for-stm32.13.3.rel1.win32_1.0.0.202411081344/tools/bin/../lib/gcc/arm-none-eabi/13.3.1/thumb/v6-m/nofp\libgcc.a

.debug_info     0x00000000     0x4755
 .debug_info    0x00000000     0x114a ./Core/Src/GY88128_648_GREEN_SEGMENT_LCD_DRIVER.o
 .debug_info    0x0000114a      0x892 ./Core/Src/main.o
 .debug_info    0x000019dc      0x265 ./Core/Src/stm32g0xx_hal_msp.o
 .debug_info    0x00001c41      0x117 ./Core/Src/stm32g0xx_it.o
 .debug_info    0x00001d58      0x316 ./Core/Src/system_stm32g0xx.o
 .debug_info    0x0000206e       0x30 ./Core/Startup/startup_stm32g070cbtx.o
 .debug_info    0x0000209e      0x8ef ./Drivers/STM32G0xx_HAL_Driver/Src/stm32g0xx_hal.o
 .debug_info    0x0000298d      0x8c1 ./Drivers/STM32G0xx_HAL_Driver/Src/stm32g0xx_hal_cortex.o
 .debug_info    0x0000324e      0x59d ./Drivers/STM32G0xx_HAL_Driver/Src/stm32g0xx_hal_gpio.o
 .debug_info    0x000037eb      0x496 ./Drivers/STM32G0xx_HAL_Driver/Src/stm32g0xx_hal_pwr_ex.o
 .debug_info    0x00003c81      0xad4 ./Drivers/STM32G0xx_HAL_Driver/Src/stm32g0xx_hal_rcc.o

.debug_abbrev   0x00000000     0x1303
 .debug_abbrev  0x00000000      0x269 ./Core/Src/GY88128_648_GREEN_SEGMENT_LCD_DRIVER.o
 .debug_abbrev  0x00000269      0x232 ./Core/Src/main.o
 .debug_abbrev  0x0000049b       0xdd ./Core/Src/stm32g0xx_hal_msp.o
 .debug_abbrev  0x00000578       0xac ./Core/Src/stm32g0xx_it.o
 .debug_abbrev  0x00000624      0x119 ./Core/Src/system_stm32g0xx.o
 .debug_abbrev  0x0000073d       0x24 ./Core/Startup/startup_stm32g070cbtx.o
 .debug_abbrev  0x00000761      0x2b4 ./Drivers/STM32G0xx_HAL_Driver/Src/stm32g0xx_hal.o
 .debug_abbrev  0x00000a15      0x2ab ./Drivers/STM32G0xx_HAL_Driver/Src/stm32g0xx_hal_cortex.o
 .debug_abbrev  0x00000cc0      0x1c3 ./Drivers/STM32G0xx_HAL_Driver/Src/stm32g0xx_hal_gpio.o
 .debug_abbrev  0x00000e83      0x1d7 ./Drivers/STM32G0xx_HAL_Driver/Src/stm32g0xx_hal_pwr_ex.o
 .debug_abbrev  0x0000105a      0x2a9 ./Drivers/STM32G0xx_HAL_Driver/Src/stm32g0xx_hal_rcc.o

.debug_aranges  0x00000000      0x5f8
 .debug_aranges
                0x00000000      0x198 ./Core/Src/GY88128_648_GREEN_SEGMENT_LCD_DRIVER.o
 .debug_aranges
                0x00000198       0x38 ./Core/Src/main.o
 .debug_aranges
                0x000001d0       0x20 ./Core/Src/stm32g0xx_hal_msp.o
 .debug_aranges
                0x000001f0       0x40 ./Core/Src/stm32g0xx_it.o
 .debug_aranges
                0x00000230       0x28 ./Core/Src/system_stm32g0xx.o
 .debug_aranges
                0x00000258       0x28 ./Core/Startup/startup_stm32g070cbtx.o
 .debug_aranges
                0x00000280       0xf8 ./Drivers/STM32G0xx_HAL_Driver/Src/stm32g0xx_hal.o
 .debug_aranges
                0x00000378       0xe8 ./Drivers/STM32G0xx_HAL_Driver/Src/stm32g0xx_hal_cortex.o
 .debug_aranges
                0x00000460       0x60 ./Drivers/STM32G0xx_HAL_Driver/Src/stm32g0xx_hal_gpio.o
 .debug_aranges
                0x000004c0       0x98 ./Drivers/STM32G0xx_HAL_Driver/Src/stm32g0xx_hal_pwr_ex.o
 .debug_aranges
                0x00000558       0xa0 ./Drivers/STM32G0xx_HAL_Driver/Src/stm32g0xx_hal_rcc.o

.debug_rnglists
                0x00000000      0x476
 .debug_rnglists
                0x00000000      0x14d ./Core/Src/GY88128_648_GREEN_SEGMENT_LCD_DRIVER.o
 .debug_rnglists
                0x0000014d       0x28 ./Core/Src/main.o
 .debug_rnglists
                0x00000175       0x13 ./Core/Src/stm32g0xx_hal_msp.o
 .debug_rnglists
                0x00000188       0x2b ./Core/Src/stm32g0xx_it.o
 .debug_rnglists
                0x000001b3       0x1a ./Core/Src/system_stm32g0xx.o
 .debug_rnglists
                0x000001cd       0x19 ./Core/Startup/startup_stm32g070cbtx.o
 .debug_rnglists
                0x000001e6       0xb6 ./Drivers/STM32G0xx_HAL_Driver/Src/stm32g0xx_hal.o
 .debug_rnglists
                0x0000029c       0xaa ./Drivers/STM32G0xx_HAL_Driver/Src/stm32g0xx_hal_cortex.o
 .debug_rnglists
                0x00000346       0x45 ./Drivers/STM32G0xx_HAL_Driver/Src/stm32g0xx_hal_gpio.o
 .debug_rnglists
                0x0000038b       0x72 ./Drivers/STM32G0xx_HAL_Driver/Src/stm32g0xx_hal_pwr_ex.o
 .debug_rnglists
                0x000003fd       0x79 ./Drivers/STM32G0xx_HAL_Driver/Src/stm32g0xx_hal_rcc.o

.debug_macro    0x00000000    0x13ca3
 .debug_macro   0x00000000      0x539 ./Core/Src/GY88128_648_GREEN_SEGMENT_LCD_DRIVER.o
 .debug_macro   0x00000539      0xaae ./Core/Src/GY88128_648_GREEN_SEGMENT_LCD_DRIVER.o
 .debug_macro   0x00000fe7       0x22 ./Core/Src/GY88128_648_GREEN_SEGMENT_LCD_DRIVER.o
 .debug_macro   0x00001009       0x22 ./Core/Src/GY88128_648_GREEN_SEGMENT_LCD_DRIVER.o
 .debug_macro   0x0000102b       0x8e ./Core/Src/GY88128_648_GREEN_SEGMENT_LCD_DRIVER.o
 .debug_macro   0x000010b9       0x51 ./Core/Src/GY88128_648_GREEN_SEGMENT_LCD_DRIVER.o
 .debug_macro   0x0000110a      0x103 ./Core/Src/GY88128_648_GREEN_SEGMENT_LCD_DRIVER.o
 .debug_macro   0x0000120d       0x6a ./Core/Src/GY88128_648_GREEN_SEGMENT_LCD_DRIVER.o
 .debug_macro   0x00001277      0x1df ./Core/Src/GY88128_648_GREEN_SEGMENT_LCD_DRIVER.o
 .debug_macro   0x00001456      0x111 ./Core/Src/GY88128_648_GREEN_SEGMENT_LCD_DRIVER.o
 .debug_macro   0x00001567       0x2e ./Core/Src/GY88128_648_GREEN_SEGMENT_LCD_DRIVER.o
 .debug_macro   0x00001595       0x28 ./Core/Src/GY88128_648_GREEN_SEGMENT_LCD_DRIVER.o
 .debug_macro   0x000015bd       0x1c ./Core/Src/GY88128_648_GREEN_SEGMENT_LCD_DRIVER.o
 .debug_macro   0x000015d9       0x22 ./Core/Src/GY88128_648_GREEN_SEGMENT_LCD_DRIVER.o
 .debug_macro   0x000015fb       0xd1 ./Core/Src/GY88128_648_GREEN_SEGMENT_LCD_DRIVER.o
 .debug_macro   0x000016cc      0x4da ./Core/Src/GY88128_648_GREEN_SEGMENT_LCD_DRIVER.o
 .debug_macro   0x00001ba6      0x11f ./Core/Src/GY88128_648_GREEN_SEGMENT_LCD_DRIVER.o
 .debug_macro   0x00001cc5     0xa701 ./Core/Src/GY88128_648_GREEN_SEGMENT_LCD_DRIVER.o
 .debug_macro   0x0000c3c6       0x66 ./Core/Src/GY88128_648_GREEN_SEGMENT_LCD_DRIVER.o
 .debug_macro   0x0000c42c     0x350e ./Core/Src/GY88128_648_GREEN_SEGMENT_LCD_DRIVER.o
 .debug_macro   0x0000f93a      0x190 ./Core/Src/GY88128_648_GREEN_SEGMENT_LCD_DRIVER.o
 .debug_macro   0x0000faca       0x5c ./Core/Src/GY88128_648_GREEN_SEGMENT_LCD_DRIVER.o
 .debug_macro   0x0000fb26      0x485 ./Core/Src/GY88128_648_GREEN_SEGMENT_LCD_DRIVER.o
 .debug_macro   0x0000ffab      0xeb4 ./Core/Src/GY88128_648_GREEN_SEGMENT_LCD_DRIVER.o
 .debug_macro   0x00010e5f      0x13e ./Core/Src/GY88128_648_GREEN_SEGMENT_LCD_DRIVER.o
 .debug_macro   0x00010f9d      0x1cf ./Core/Src/GY88128_648_GREEN_SEGMENT_LCD_DRIVER.o
 .debug_macro   0x0001116c      0x13e ./Core/Src/GY88128_648_GREEN_SEGMENT_LCD_DRIVER.o
 .debug_macro   0x000112aa      0x3a8 ./Core/Src/GY88128_648_GREEN_SEGMENT_LCD_DRIVER.o
 .debug_macro   0x00011652      0x280 ./Core/Src/GY88128_648_GREEN_SEGMENT_LCD_DRIVER.o
 .debug_macro   0x000118d2      0x345 ./Core/Src/GY88128_648_GREEN_SEGMENT_LCD_DRIVER.o
 .debug_macro   0x00011c17      0x198 ./Core/Src/GY88128_648_GREEN_SEGMENT_LCD_DRIVER.o
 .debug_macro   0x00011daf       0x43 ./Core/Src/GY88128_648_GREEN_SEGMENT_LCD_DRIVER.o
 .debug_macro   0x00011df2      0x1f1 ./Core/Src/GY88128_648_GREEN_SEGMENT_LCD_DRIVER.o
 .debug_macro   0x00011fe3      0x1d6 ./Core/Src/GY88128_648_GREEN_SEGMENT_LCD_DRIVER.o
 .debug_macro   0x000121b9      0x2a3 ./Core/Src/GY88128_648_GREEN_SEGMENT_LCD_DRIVER.o
 .debug_macro   0x0001245c       0x28 ./Core/Src/GY88128_648_GREEN_SEGMENT_LCD_DRIVER.o
 .debug_macro   0x00012484       0xcf ./Core/Src/GY88128_648_GREEN_SEGMENT_LCD_DRIVER.o
 .debug_macro   0x00012553      0x118 ./Core/Src/GY88128_648_GREEN_SEGMENT_LCD_DRIVER.o
 .debug_macro   0x0001266b      0x10d ./Core/Src/GY88128_648_GREEN_SEGMENT_LCD_DRIVER.o
 .debug_macro   0x00012778      0x43d ./Core/Src/GY88128_648_GREEN_SEGMENT_LCD_DRIVER.o
 .debug_macro   0x00012bb5       0x34 ./Core/Src/GY88128_648_GREEN_SEGMENT_LCD_DRIVER.o
 .debug_macro   0x00012be9      0x1f3 ./Core/Src/main.o
 .debug_macro   0x00012ddc       0x34 ./Core/Src/main.o
 .debug_macro   0x00012e10       0x3a ./Core/Src/main.o
 .debug_macro   0x00012e4a      0x1c6 ./Core/Src/stm32g0xx_hal_msp.o
 .debug_macro   0x00013010      0x1d0 ./Core/Src/stm32g0xx_it.o
 .debug_macro   0x000131e0      0x1b7 ./Core/Src/system_stm32g0xx.o
 .debug_macro   0x00013397      0x1d5 ./Drivers/STM32G0xx_HAL_Driver/Src/stm32g0xx_hal.o
 .debug_macro   0x0001356c      0x1b7 ./Drivers/STM32G0xx_HAL_Driver/Src/stm32g0xx_hal_cortex.o
 .debug_macro   0x00013723      0x1be ./Drivers/STM32G0xx_HAL_Driver/Src/stm32g0xx_hal_gpio.o
 .debug_macro   0x000138e1      0x1c9 ./Drivers/STM32G0xx_HAL_Driver/Src/stm32g0xx_hal_pwr_ex.o
 .debug_macro   0x00013aaa      0x1f9 ./Drivers/STM32G0xx_HAL_Driver/Src/stm32g0xx_hal_rcc.o

.debug_line     0x00000000     0x6f64
 .debug_line    0x00000000     0x15ac ./Core/Src/GY88128_648_GREEN_SEGMENT_LCD_DRIVER.o
 .debug_line    0x000015ac      0x917 ./Core/Src/main.o
 .debug_line    0x00001ec3      0x725 ./Core/Src/stm32g0xx_hal_msp.o
 .debug_line    0x000025e8      0x782 ./Core/Src/stm32g0xx_it.o
 .debug_line    0x00002d6a      0x798 ./Core/Src/system_stm32g0xx.o
 .debug_line    0x00003502       0x7b ./Core/Startup/startup_stm32g070cbtx.o
 .debug_line    0x0000357d      0xa43 ./Drivers/STM32G0xx_HAL_Driver/Src/stm32g0xx_hal.o
 .debug_line    0x00003fc0      0xb73 ./Drivers/STM32G0xx_HAL_Driver/Src/stm32g0xx_hal_cortex.o
 .debug_line    0x00004b33      0xb2f ./Drivers/STM32G0xx_HAL_Driver/Src/stm32g0xx_hal_gpio.o
 .debug_line    0x00005662      0x969 ./Drivers/STM32G0xx_HAL_Driver/Src/stm32g0xx_hal_pwr_ex.o
 .debug_line    0x00005fcb      0xf99 ./Drivers/STM32G0xx_HAL_Driver/Src/stm32g0xx_hal_rcc.o

.debug_str      0x00000000    0x7b736
 .debug_str     0x00000000    0x7b736 ./Core/Src/GY88128_648_GREEN_SEGMENT_LCD_DRIVER.o
                              0x7a641 (size before relaxing)
 .debug_str     0x0007b736    0x79862 ./Core/Src/main.o
 .debug_str     0x0007b736    0x791d0 ./Core/Src/stm32g0xx_hal_msp.o
 .debug_str     0x0007b736    0x7914e ./Core/Src/stm32g0xx_it.o
 .debug_str     0x0007b736    0x7912e ./Core/Src/system_stm32g0xx.o
 .debug_str     0x0007b736       0x91 ./Core/Startup/startup_stm32g070cbtx.o
 .debug_str     0x0007b736    0x797d0 ./Drivers/STM32G0xx_HAL_Driver/Src/stm32g0xx_hal.o
 .debug_str     0x0007b736    0x795ad ./Drivers/STM32G0xx_HAL_Driver/Src/stm32g0xx_hal_cortex.o
 .debug_str     0x0007b736    0x79263 ./Drivers/STM32G0xx_HAL_Driver/Src/stm32g0xx_hal_gpio.o
 .debug_str     0x0007b736    0x79382 ./Drivers/STM32G0xx_HAL_Driver/Src/stm32g0xx_hal_pwr_ex.o
 .debug_str     0x0007b736    0x79852 ./Drivers/STM32G0xx_HAL_Driver/Src/stm32g0xx_hal_rcc.o

.comment        0x00000000       0x43
 .comment       0x00000000       0x43 ./Core/Src/GY88128_648_GREEN_SEGMENT_LCD_DRIVER.o
                                 0x44 (size before relaxing)
 .comment       0x00000043       0x44 ./Core/Src/main.o
 .comment       0x00000043       0x44 ./Core/Src/stm32g0xx_hal_msp.o
 .comment       0x00000043       0x44 ./Core/Src/stm32g0xx_it.o
 .comment       0x00000043       0x44 ./Core/Src/system_stm32g0xx.o
 .comment       0x00000043       0x44 ./Drivers/STM32G0xx_HAL_Driver/Src/stm32g0xx_hal.o
 .comment       0x00000043       0x44 ./Drivers/STM32G0xx_HAL_Driver/Src/stm32g0xx_hal_cortex.o
 .comment       0x00000043       0x44 ./Drivers/STM32G0xx_HAL_Driver/Src/stm32g0xx_hal_gpio.o
 .comment       0x00000043       0x44 ./Drivers/STM32G0xx_HAL_Driver/Src/stm32g0xx_hal_pwr_ex.o
 .comment       0x00000043       0x44 ./Drivers/STM32G0xx_HAL_Driver/Src/stm32g0xx_hal_rcc.o

.debug_frame    0x00000000     0x15e4
 .debug_frame   0x00000000      0x60c ./Core/Src/GY88128_648_GREEN_SEGMENT_LCD_DRIVER.o
 .debug_frame   0x0000060c       0x90 ./Core/Src/main.o
 .debug_frame   0x0000069c       0x30 ./Core/Src/stm32g0xx_hal_msp.o
 .debug_frame   0x000006cc       0x9c ./Core/Src/stm32g0xx_it.o
 .debug_frame   0x00000768       0x4c ./Core/Src/system_stm32g0xx.o
 .debug_frame   0x000007b4      0x340 ./Drivers/STM32G0xx_HAL_Driver/Src/stm32g0xx_hal.o
 .debug_frame   0x00000af4      0x33c ./Drivers/STM32G0xx_HAL_Driver/Src/stm32g0xx_hal_cortex.o
 .debug_frame   0x00000e30      0x130 ./Drivers/STM32G0xx_HAL_Driver/Src/stm32g0xx_hal_gpio.o
 .debug_frame   0x00000f60      0x1f4 ./Drivers/STM32G0xx_HAL_Driver/Src/stm32g0xx_hal_pwr_ex.o
 .debug_frame   0x00001154      0x214 ./Drivers/STM32G0xx_HAL_Driver/Src/stm32g0xx_hal_rcc.o
 .debug_frame   0x00001368       0x20 C:/ST/STM32CubeIDE_1.19.0/STM32CubeIDE/plugins/com.st.stm32cube.ide.mcu.externaltools.gnu-tools-for-stm32.13.3.rel1.win32_1.0.0.202411081344/tools/bin/../lib/gcc/arm-none-eabi/13.3.1/../../../../arm-none-eabi/lib/thumb/v6-m/nofp\libc_nano.a(libc_a-memset.o)
 .debug_frame   0x00001388       0x2c C:/ST/STM32CubeIDE_1.19.0/STM32CubeIDE/plugins/com.st.stm32cube.ide.mcu.externaltools.gnu-tools-for-stm32.13.3.rel1.win32_1.0.0.202411081344/tools/bin/../lib/gcc/arm-none-eabi/13.3.1/../../../../arm-none-eabi/lib/thumb/v6-m/nofp\libc_nano.a(libc_a-init.o)
 .debug_frame   0x000013b4       0x20 C:/ST/STM32CubeIDE_1.19.0/STM32CubeIDE/plugins/com.st.stm32cube.ide.mcu.externaltools.gnu-tools-for-stm32.13.3.rel1.win32_1.0.0.202411081344/tools/bin/../lib/gcc/arm-none-eabi/13.3.1/thumb/v6-m/nofp\libgcc.a(_udivsi3.o)
 .debug_frame   0x000013d4       0x20 C:/ST/STM32CubeIDE_1.19.0/STM32CubeIDE/plugins/com.st.stm32cube.ide.mcu.externaltools.gnu-tools-for-stm32.13.3.rel1.win32_1.0.0.202411081344/tools/bin/../lib/gcc/arm-none-eabi/13.3.1/thumb/v6-m/nofp\libgcc.a(_divsi3.o)
 .debug_frame   0x000013f4       0x38 C:/ST/STM32CubeIDE_1.19.0/STM32CubeIDE/plugins/com.st.stm32cube.ide.mcu.externaltools.gnu-tools-for-stm32.13.3.rel1.win32_1.0.0.202411081344/tools/bin/../lib/gcc/arm-none-eabi/13.3.1/thumb/v6-m/nofp\libgcc.a(divsf3.o)
 .debug_frame   0x0000142c       0x2c C:/ST/STM32CubeIDE_1.19.0/STM32CubeIDE/plugins/com.st.stm32cube.ide.mcu.externaltools.gnu-tools-for-stm32.13.3.rel1.win32_1.0.0.202411081344/tools/bin/../lib/gcc/arm-none-eabi/13.3.1/thumb/v6-m/nofp\libgcc.a(eqsf2.o)
 .debug_frame   0x00001458       0x2c C:/ST/STM32CubeIDE_1.19.0/STM32CubeIDE/plugins/com.st.stm32cube.ide.mcu.externaltools.gnu-tools-for-stm32.13.3.rel1.win32_1.0.0.202411081344/tools/bin/../lib/gcc/arm-none-eabi/13.3.1/thumb/v6-m/nofp\libgcc.a(gesf2.o)
 .debug_frame   0x00001484       0x2c C:/ST/STM32CubeIDE_1.19.0/STM32CubeIDE/plugins/com.st.stm32cube.ide.mcu.externaltools.gnu-tools-for-stm32.13.3.rel1.win32_1.0.0.202411081344/tools/bin/../lib/gcc/arm-none-eabi/13.3.1/thumb/v6-m/nofp\libgcc.a(lesf2.o)
 .debug_frame   0x000014b0       0x38 C:/ST/STM32CubeIDE_1.19.0/STM32CubeIDE/plugins/com.st.stm32cube.ide.mcu.externaltools.gnu-tools-for-stm32.13.3.rel1.win32_1.0.0.202411081344/tools/bin/../lib/gcc/arm-none-eabi/13.3.1/thumb/v6-m/nofp\libgcc.a(mulsf3.o)
 .debug_frame   0x000014e8       0x20 C:/ST/STM32CubeIDE_1.19.0/STM32CubeIDE/plugins/com.st.stm32cube.ide.mcu.externaltools.gnu-tools-for-stm32.13.3.rel1.win32_1.0.0.202411081344/tools/bin/../lib/gcc/arm-none-eabi/13.3.1/thumb/v6-m/nofp\libgcc.a(fixsfsi.o)
 .debug_frame   0x00001508       0x38 C:/ST/STM32CubeIDE_1.19.0/STM32CubeIDE/plugins/com.st.stm32cube.ide.mcu.externaltools.gnu-tools-for-stm32.13.3.rel1.win32_1.0.0.202411081344/tools/bin/../lib/gcc/arm-none-eabi/13.3.1/thumb/v6-m/nofp\libgcc.a(eqdf2.o)
 .debug_frame   0x00001540       0x3c C:/ST/STM32CubeIDE_1.19.0/STM32CubeIDE/plugins/com.st.stm32cube.ide.mcu.externaltools.gnu-tools-for-stm32.13.3.rel1.win32_1.0.0.202411081344/tools/bin/../lib/gcc/arm-none-eabi/13.3.1/thumb/v6-m/nofp\libgcc.a(gedf2.o)
 .debug_frame   0x0000157c       0x3c C:/ST/STM32CubeIDE_1.19.0/STM32CubeIDE/plugins/com.st.stm32cube.ide.mcu.externaltools.gnu-tools-for-stm32.13.3.rel1.win32_1.0.0.202411081344/tools/bin/../lib/gcc/arm-none-eabi/13.3.1/thumb/v6-m/nofp\libgcc.a(ledf2.o)
 .debug_frame   0x000015b8       0x2c C:/ST/STM32CubeIDE_1.19.0/STM32CubeIDE/plugins/com.st.stm32cube.ide.mcu.externaltools.gnu-tools-for-stm32.13.3.rel1.win32_1.0.0.202411081344/tools/bin/../lib/gcc/arm-none-eabi/13.3.1/thumb/v6-m/nofp\libgcc.a(extendsfdf2.o)

.debug_line_str
                0x00000000       0x75
 .debug_line_str
                0x00000000       0x75 ./Core/Startup/startup_stm32g070cbtx.o
