../Core/Src/GY88128_648_GREEN_SEGMENT_LCD_DRIVER.c:264:13:ht1621_send_bit	16	static
../Core/Src/GY88128_648_GREEN_SEGMENT_LCD_DRIVER.c:293:13:ht1621_send_command	16	static
../Core/Src/GY88128_648_GREEN_SEGMENT_LCD_DRIVER.c:374:13:set_ram_bit.part.0	12	static
../Core/Src/GY88128_648_GREEN_SEGMENT_LCD_DRIVER.c:374:13:set_ram_bit	8	static
../Core/Src/GY88128_648_GREEN_SEGMENT_LCD_DRIVER.c:674:13:Update_Load_Visuals	8	static
../Core/Src/GY88128_648_GREEN_SEGMENT_LCD_DRIVER.c:688:13:Update_Power_Flow	12	static
../Core/Src/GY88128_648_GREEN_SEGMENT_LCD_DRIVER.c:338:6:GY88128_648_Clear	8	static
../Core/Src/GY88128_648_GREEN_SEGMENT_LCD_DRIVER.c:328:6:GY88128_648_Init	48	static
../Core/Src/GY88128_648_GREEN_SEGMENT_LCD_DRIVER.c:343:6:GY88128_648_Refresh	40	static
../Core/Src/GY88128_648_GREEN_SEGMENT_LCD_DRIVER.c:368:6:GY88128_648_SetSegment	0	static
../Core/Src/GY88128_648_GREEN_SEGMENT_LCD_DRIVER.c:394:6:GY88128_648_TestSingleDigit	24	static
../Core/Src/GY88128_648_GREEN_SEGMENT_LCD_DRIVER.c:435:6:GY88128_648_SetDigitSegment	8	static
../Core/Src/GY88128_648_GREEN_SEGMENT_LCD_DRIVER.c:458:13:display_digit	16	static
../Core/Src/GY88128_648_GREEN_SEGMENT_LCD_DRIVER.c:443:6:GY88128_648_SetIcon	8	static
../Core/Src/GY88128_648_GREEN_SEGMENT_LCD_DRIVER.c:631:13:Update_Battery_Visuals	40	static
../Core/Src/GY88128_648_GREEN_SEGMENT_LCD_DRIVER.c:466:6:GY88128_648_PrintLeft	8	static
../Core/Src/GY88128_648_GREEN_SEGMENT_LCD_DRIVER.c:479:6:GY88128_648_PrintCenter	32	static
../Core/Src/GY88128_648_GREEN_SEGMENT_LCD_DRIVER.c:739:13:Show_Screen_ID	8	static
../Core/Src/GY88128_648_GREEN_SEGMENT_LCD_DRIVER.c:545:6:GY88128_648_PrintRight	8	static
../Core/Src/GY88128_648_GREEN_SEGMENT_LCD_DRIVER.c:556:6:GY88128_648_TurnOnAllSegments	8	static
../Core/Src/GY88128_648_GREEN_SEGMENT_LCD_DRIVER.c:562:6:GY88128_648_ScanAllSegments	16	static
../Core/Src/GY88128_648_GREEN_SEGMENT_LCD_DRIVER.c:577:6:GY88128_648_ScanByAddress	16	static
../Core/Src/GY88128_648_GREEN_SEGMENT_LCD_DRIVER.c:593:6:GY88128_648_TestAddressRange	24	static
../Core/Src/GY88128_648_GREEN_SEGMENT_LCD_DRIVER.c:611:6:GY88128_648_WriteRAM	16	static
../Core/Src/GY88128_648_GREEN_SEGMENT_LCD_DRIVER.c:744:6:Screen_Inv_Home	16	static
../Core/Src/GY88128_648_GREEN_SEGMENT_LCD_DRIVER.c:774:6:Screen_Grid_Detail	16	static
../Core/Src/GY88128_648_GREEN_SEGMENT_LCD_DRIVER.c:788:6:Screen_Batt_Charging	16	static
../Core/Src/GY88128_648_GREEN_SEGMENT_LCD_DRIVER.c:802:6:Screen_Load_Detail	16	static
../Core/Src/GY88128_648_GREEN_SEGMENT_LCD_DRIVER.c:816:6:Screen_Solar_Home	16	static
../Core/Src/GY88128_648_GREEN_SEGMENT_LCD_DRIVER.c:832:6:Screen_Solar_Yield	24	static
../Core/Src/GY88128_648_GREEN_SEGMENT_LCD_DRIVER.c:851:6:Screen_Grid_Standby	32	static
../Core/Src/GY88128_648_GREEN_SEGMENT_LCD_DRIVER.c:906:6:Screen_Fault_Overload	16	static
../Core/Src/GY88128_648_GREEN_SEGMENT_LCD_DRIVER.c:918:6:Screen_Fault_LowBat	16	static
../Core/Src/GY88128_648_GREEN_SEGMENT_LCD_DRIVER.c:929:6:Screen_Fault_OverHeat	16	static
../Core/Src/GY88128_648_GREEN_SEGMENT_LCD_DRIVER.c:939:6:Screen_Charge_PV_Priority	16	static
../Core/Src/GY88128_648_GREEN_SEGMENT_LCD_DRIVER.c:965:6:Screen_Charge_Mains_Priority	16	static
../Core/Src/GY88128_648_GREEN_SEGMENT_LCD_DRIVER.c:988:6:Screen_Charge_Hybrid	16	static
../Core/Src/GY88128_648_GREEN_SEGMENT_LCD_DRIVER.c:1011:6:Screen_Charge_Only_Solar	32	static
../Core/Src/GY88128_648_GREEN_SEGMENT_LCD_DRIVER.c:1038:6:GY88128_648_TestCenter	8	static
../Core/Src/GY88128_648_GREEN_SEGMENT_LCD_DRIVER.c:1048:6:GY88128_648_TestDemo	72	static
../Core/Src/GY88128_648_GREEN_SEGMENT_LCD_DRIVER.c:1100:6:GY88128_648_ManualTesterLoop	48	static
