../Core/Src/GY88128_648_GREEN_SEGMENT_LCD_DRIVER.c:262:13:ht1621_send_bit	24	static
../Core/Src/GY88128_648_GREEN_SEGMENT_LCD_DRIVER.c:279:13:ht1621_send_bits	32	static
../Core/Src/GY88128_648_GREEN_SEGMENT_LCD_DRIVER.c:291:13:ht1621_send_command	24	static
../Core/Src/GY88128_648_GREEN_SEGMENT_LCD_DRIVER.c:303:13:ht1621_gpio_init	32	static
../Core/Src/GY88128_648_GREEN_SEGMENT_LCD_DRIVER.c:326:6:GY88128_648_Init	8	static
../Core/Src/GY88128_648_GREEN_SEGMENT_LCD_DRIVER.c:336:6:GY88128_648_Clear	16	static
../Core/Src/GY88128_648_GREEN_SEGMENT_LCD_DRIVER.c:341:6:GY88128_648_Refresh	16	static
../Core/Src/GY88128_648_GREEN_SEGMENT_LCD_DRIVER.c:366:6:GY88128_648_SetSegment	16	static
../Core/Src/GY88128_648_GREEN_SEGMENT_LCD_DRIVER.c:372:13:set_ram_bit	32	static
../Core/Src/GY88128_648_GREEN_SEGMENT_LCD_DRIVER.c:392:6:GY88128_648_TestSingleDigit	8	static
../Core/Src/GY88128_648_GREEN_SEGMENT_LCD_DRIVER.c:433:6:GY88128_648_SetDigitSegment	40	static
../Core/Src/GY88128_648_GREEN_SEGMENT_LCD_DRIVER.c:441:6:GY88128_648_SetIcon	32	static
../Core/Src/GY88128_648_GREEN_SEGMENT_LCD_DRIVER.c:456:13:display_digit	32	static
../Core/Src/GY88128_648_GREEN_SEGMENT_LCD_DRIVER.c:464:6:GY88128_648_PrintLeft	16	static
../Core/Src/GY88128_648_GREEN_SEGMENT_LCD_DRIVER.c:477:6:GY88128_648_PrintCenter	32	static
../Core/Src/GY88128_648_GREEN_SEGMENT_LCD_DRIVER.c:543:6:GY88128_648_PrintRight	16	static
../Core/Src/GY88128_648_GREEN_SEGMENT_LCD_DRIVER.c:554:6:GY88128_648_TurnOnAllSegments	16	static
../Core/Src/GY88128_648_GREEN_SEGMENT_LCD_DRIVER.c:560:6:GY88128_648_ScanAllSegments	32	static
../Core/Src/GY88128_648_GREEN_SEGMENT_LCD_DRIVER.c:575:6:GY88128_648_ScanByAddress	32	static
../Core/Src/GY88128_648_GREEN_SEGMENT_LCD_DRIVER.c:591:6:GY88128_648_TestAddressRange	32	static
../Core/Src/GY88128_648_GREEN_SEGMENT_LCD_DRIVER.c:609:6:GY88128_648_CumulativeSnakeScan	32	static
../Core/Src/GY88128_648_GREEN_SEGMENT_LCD_DRIVER.c:622:6:GY88128_648_WriteRAM	32	static
../Core/Src/GY88128_648_GREEN_SEGMENT_LCD_DRIVER.c:640:13:get_blink_state	8	static
../Core/Src/GY88128_648_GREEN_SEGMENT_LCD_DRIVER.c:645:13:Update_Battery_Visuals	40	static
../Core/Src/GY88128_648_GREEN_SEGMENT_LCD_DRIVER.c:688:13:Update_Load_Visuals	16	static
../Core/Src/GY88128_648_GREEN_SEGMENT_LCD_DRIVER.c:702:13:Update_Power_Flow	16	static
../Core/Src/GY88128_648_GREEN_SEGMENT_LCD_DRIVER.c:753:13:Show_Screen_ID	16	static
../Core/Src/GY88128_648_GREEN_SEGMENT_LCD_DRIVER.c:758:6:Screen_Inv_Home	16	static
../Core/Src/GY88128_648_GREEN_SEGMENT_LCD_DRIVER.c:788:6:Screen_Grid_Detail	16	static
../Core/Src/GY88128_648_GREEN_SEGMENT_LCD_DRIVER.c:802:6:Screen_Batt_Charging	16	static
../Core/Src/GY88128_648_GREEN_SEGMENT_LCD_DRIVER.c:816:6:Screen_Load_Detail	16	static
../Core/Src/GY88128_648_GREEN_SEGMENT_LCD_DRIVER.c:831:6:Screen_Solar_Home	16	static
../Core/Src/GY88128_648_GREEN_SEGMENT_LCD_DRIVER.c:847:6:Screen_Solar_Yield	16	static
../Core/Src/GY88128_648_GREEN_SEGMENT_LCD_DRIVER.c:866:6:Screen_Grid_Standby	16	static
../Core/Src/GY88128_648_GREEN_SEGMENT_LCD_DRIVER.c:871:6:Screen_Inverter_Only	32	static
../Core/Src/GY88128_648_GREEN_SEGMENT_LCD_DRIVER.c:1001:6:Screen_Fault_Overload	16	static
../Core/Src/GY88128_648_GREEN_SEGMENT_LCD_DRIVER.c:1013:6:Screen_Fault_LowBat	16	static
../Core/Src/GY88128_648_GREEN_SEGMENT_LCD_DRIVER.c:1024:6:Screen_Fault_OverHeat	16	static
../Core/Src/GY88128_648_GREEN_SEGMENT_LCD_DRIVER.c:1039:6:Screen_MPPT_Only	24	static
../Core/Src/GY88128_648_GREEN_SEGMENT_LCD_DRIVER.c:1112:6:Screen_Hybrid_Mode	40	static
../Core/Src/GY88128_648_GREEN_SEGMENT_LCD_DRIVER.c:1303:6:Screen_Charge_PV_Priority	16	static
../Core/Src/GY88128_648_GREEN_SEGMENT_LCD_DRIVER.c:1329:6:Screen_Charge_Mains_Priority	16	static
../Core/Src/GY88128_648_GREEN_SEGMENT_LCD_DRIVER.c:1352:6:Screen_Charge_Hybrid	16	static
../Core/Src/GY88128_648_GREEN_SEGMENT_LCD_DRIVER.c:1375:6:Screen_Charge_Only_Solar	32	static
../Core/Src/GY88128_648_GREEN_SEGMENT_LCD_DRIVER.c:1402:6:GY88128_648_TestCenter	8	static
../Core/Src/GY88128_648_GREEN_SEGMENT_LCD_DRIVER.c:1412:6:GY88128_648_TestDemo	80	static
../Core/Src/GY88128_648_GREEN_SEGMENT_LCD_DRIVER.c:1464:6:GY88128_648_ManualTesterLoop	56	static
../Core/Src/GY88128_648_GREEN_SEGMENT_LCD_DRIVER.c:1516:6:GY88128_648_FullTestSequence	16	static
