../Core/Src/GY88128_80_UPS_SEGMENT_LCD_DRIVER.c:113:13:ht1621_send_bit	24	static
../Core/Src/GY88128_80_UPS_SEGMENT_LCD_DRIVER.c:121:13:ht1621_send_command	24	static
../Core/Src/GY88128_80_UPS_SEGMENT_LCD_DRIVER.c:140:13:ht1621_init	32	static
../Core/Src/GY88128_80_UPS_SEGMENT_LCD_DRIVER.c:181:13:ht1621_update	32	static
../Core/Src/GY88128_80_UPS_SEGMENT_LCD_DRIVER.c:210:6:lcd_init	8	static
../Core/Src/GY88128_80_UPS_SEGMENT_LCD_DRIVER.c:215:6:clear_all	16	static
../Core/Src/GY88128_80_UPS_SEGMENT_LCD_DRIVER.c:230:6:turn_on_unimplemented_segments	16	static
../Core/Src/GY88128_80_UPS_SEGMENT_LCD_DRIVER.c:249:6:turn_on_all_segments	16	static
../Core/Src/GY88128_80_UPS_SEGMENT_LCD_DRIVER.c:265:6:backlight_is_available	8	static
../Core/Src/GY88128_80_UPS_SEGMENT_LCD_DRIVER.c:270:6:backlight_set	16	static
../Core/Src/GY88128_80_UPS_SEGMENT_LCD_DRIVER.c:281:6:backlight_on	8	static
../Core/Src/GY88128_80_UPS_SEGMENT_LCD_DRIVER.c:285:6:backlight_off	8	static
../Core/Src/GY88128_80_UPS_SEGMENT_LCD_DRIVER.c:290:6:scan_all_segments	32	static
../Core/Src/GY88128_80_UPS_SEGMENT_LCD_DRIVER.c:332:13:resolve_segment_entry	40	static
../Core/Src/GY88128_80_UPS_SEGMENT_LCD_DRIVER.c:353:6:set_segment	32	static
../Core/Src/GY88128_80_UPS_SEGMENT_LCD_DRIVER.c:369:6:set_digit_segment	40	static
../Core/Src/GY88128_80_UPS_SEGMENT_LCD_DRIVER.c:389:6:input_vac_display	32	static
../Core/Src/GY88128_80_UPS_SEGMENT_LCD_DRIVER.c:427:6:input_Hz_display	32	static
../Core/Src/GY88128_80_UPS_SEGMENT_LCD_DRIVER.c:464:6:battery_VDC_display	32	static
../Core/Src/GY88128_80_UPS_SEGMENT_LCD_DRIVER.c:504:6:battery_level_display	40	static
../Core/Src/GY88128_80_UPS_SEGMENT_LCD_DRIVER.c:541:6:output_VAC_display	32	static
../Core/Src/GY88128_80_UPS_SEGMENT_LCD_DRIVER.c:579:6:output_Hz_display	32	static
../Core/Src/GY88128_80_UPS_SEGMENT_LCD_DRIVER.c:616:6:load_KW_display	32	static
../Core/Src/GY88128_80_UPS_SEGMENT_LCD_DRIVER.c:655:6:load_level_display	40	static
../Core/Src/GY88128_80_UPS_SEGMENT_LCD_DRIVER.c:692:6:fault_overload_display	8	static
../Core/Src/GY88128_80_UPS_SEGMENT_LCD_DRIVER.c:698:6:fault_battlow_display	8	static
../Core/Src/GY88128_80_UPS_SEGMENT_LCD_DRIVER.c:704:6:ups_on_display	8	static
../Core/Src/GY88128_80_UPS_SEGMENT_LCD_DRIVER.c:710:6:line_mode_display	8	static
../Core/Src/GY88128_80_UPS_SEGMENT_LCD_DRIVER.c:716:6:battery_mode_display	8	static
